[codescandy.com/geeks-bootstrap-5/pages/dashboard/admin-dashboard.html]
[codescandy.com/geeks-bootstrap-5/assets/fonts/feather/feather.css]
[codescandy.com/geeks-bootstrap-5/assets/libs/bootstrap-icons/font/bootstrap-icons.css]
[codescandy.com/geeks-bootstrap-5/assets/libs/dragula/dist/dragula.min.css]
[codescandy.com/geeks-bootstrap-5/assets/libs/@mdi/font/css/materialdesignicons.min.css]
[codescandy.com/geeks-bootstrap-5/assets/libs/dropzone/dist/dropzone.css]
[codescandy.com/geeks-bootstrap-5/assets/libs/magnific-popup/dist/magnific-popup.css]
[codescandy.com/geeks-bootstrap-5/assets/libs/bootstrap-select/dist/css/bootstrap-select.min.css]
[codescandy.com/geeks-bootstrap-5/assets/libs/@yaireo/tagify/dist/tagify.css]
[codescandy.com/geeks-bootstrap-5/assets/libs/tiny-slider/dist/tiny-slider.css]
[codescandy.com/geeks-bootstrap-5/assets/libs/tippy.js/dist/tippy.css]
[codescandy.com/geeks-bootstrap-5/assets/libs/datatables.net-bs5/css/dataTables.bootstrap5.min.css]
[codescandy.com/geeks-bootstrap-5/assets/libs/prismjs/themes/prism-okaidia.min.css]
[codescandy.com/geeks-bootstrap-5/assets/libs/simplebar/dist/simplebar.min.css]
[codescandy.com/geeks-bootstrap-5/assets/libs/nouislider/dist/nouislider.min.css]
[codescandy.com/geeks-bootstrap-5/assets/libs/glightbox/dist/css/glightbox.min.css]
[backblue.gif]
[fade.gif]
[index.html]
[codescandy.com/geeks-bootstrap-5/assets/css/theme.min.css]
[codescandy.com/geeks-bootstrap-5/pages/dashboard/dashboard-analytics.html]
[codescandy.com/geeks-bootstrap-5/pages/dashboard/admin-course-overview.html]
[codescandy.com/geeks-bootstrap-5/pages/dashboard/admin-course-category.html]
[codescandy.com/geeks-bootstrap-5/pages/dashboard/admin-course-category-single.html]
[codescandy.com/geeks-bootstrap-5/pages/dashboard/admin-instructor.html]
[codescandy.com/geeks-bootstrap-5/pages/dashboard/admin-students.html]
[codescandy.com/geeks-bootstrap-5/pages/dashboard/admin-cms-overview.html]
[codescandy.com/geeks-bootstrap-5/pages/dashboard/admin-cms-post.html]
[codescandy.com/geeks-bootstrap-5/pages/dashboard/admin-cms-post-new.html]
[codescandy.com/geeks-bootstrap-5/pages/dashboard/admin-cms-post-category.html]
[codescandy.com/geeks-bootstrap-5/pages/dashboard/project-grid.html]
[codescandy.com/geeks-bootstrap-5/pages/dashboard/project-list.html]
[codescandy.com/geeks-bootstrap-5/pages/dashboard/project-overview.html]
[codescandy.com/geeks-bootstrap-5/pages/dashboard/project-task.html]
[codescandy.com/geeks-bootstrap-5/pages/dashboard/project-budget.html]
[codescandy.com/geeks-bootstrap-5/pages/dashboard/project-team.html]
[codescandy.com/geeks-bootstrap-5/pages/dashboard/project-files.html]
[codescandy.com/geeks-bootstrap-5/pages/dashboard/project-summary.html]
[codescandy.com/geeks-bootstrap-5/pages/dashboard/add-project.html]
[codescandy.com/geeks-bootstrap-5/pages/dashboard/notification-history.html]
[codescandy.com/geeks-bootstrap-5/pages/dashboard/ecommerce/product-grid.html]
[codescandy.com/geeks-bootstrap-5/pages/dashboard/ecommerce/product-grid-with-sidebar.html]
[codescandy.com/geeks-bootstrap-5/pages/dashboard/ecommerce/products.html]
[codescandy.com/geeks-bootstrap-5/pages/dashboard/ecommerce/product-single.html]
[codescandy.com/geeks-bootstrap-5/pages/dashboard/ecommerce/product-single-v2.html]
[codescandy.com/geeks-bootstrap-5/pages/dashboard/ecommerce/add-product.html]
[codescandy.com/geeks-bootstrap-5/pages/dashboard/ecommerce/shopping-cart.html]
[codescandy.com/geeks-bootstrap-5/pages/dashboard/ecommerce/checkout.html]
[codescandy.com/geeks-bootstrap-5/pages/dashboard/ecommerce/order.html]
[codescandy.com/geeks-bootstrap-5/pages/dashboard/ecommerce/order-single.html]
[codescandy.com/geeks-bootstrap-5/pages/dashboard/ecommerce/order-history.html]
[codescandy.com/geeks-bootstrap-5/pages/dashboard/ecommerce/order-summary.html]
[codescandy.com/geeks-bootstrap-5/pages/dashboard/ecommerce/customers.html]
[codescandy.com/geeks-bootstrap-5/pages/dashboard/ecommerce/customer-single.html]
[codescandy.com/geeks-bootstrap-5/pages/dashboard/ecommerce/add-customer.html]
[codescandy.com/geeks-bootstrap-5/pages/dashboard/layouts/layout-horizontal.html]
[codescandy.com/geeks-bootstrap-5/pages/dashboard/layouts/layout-compact.html]
[codescandy.com/geeks-bootstrap-5/pages/dashboard/layouts/layout-vertical.html]
[codescandy.com/geeks-bootstrap-5/pages/dashboard/chat-app.html]
[codescandy.com/geeks-bootstrap-5/pages/dashboard/task-kanban.html]
[codescandy.com/geeks-bootstrap-5/pages/dashboard/mail.html]
[codescandy.com/geeks-bootstrap-5/pages/dashboard/calendar.html]
[codescandy.com/geeks-bootstrap-5/pages/dashboard/basic-table.html]
[codescandy.com/geeks-bootstrap-5/pages/dashboard/datatables.html]
[codescandy.com/geeks-bootstrap-5/pages/dashboard/setting-general.html]
[codescandy.com/geeks-bootstrap-5/pages/dashboard/setting-google.html]
[codescandy.com/geeks-bootstrap-5/pages/dashboard/setting-social.html]
[codescandy.com/geeks-bootstrap-5/pages/dashboard/setting-social-login.html]
[codescandy.com/geeks-bootstrap-5/pages/dashboard/setting-payment.html]
[codescandy.com/geeks-bootstrap-5/pages/dashboard/setting-smpt.html]
[codescandy.com/geeks-bootstrap-5/assets/images/background/giftbox.png]
[codescandy.com/geeks-bootstrap-5/assets/images/avatar/avatar-1.jpg]
[codescandy.com/geeks-bootstrap-5/assets/images/avatar/avatar-2.jpg]
[codescandy.com/geeks-bootstrap-5/assets/images/avatar/avatar-3.jpg]
[codescandy.com/geeks-bootstrap-5/assets/images/avatar/avatar-4.jpg]
[codescandy.com/geeks-bootstrap-5/assets/images/avatar/avatar-6.jpg]
[codescandy.com/geeks-bootstrap-5/assets/images/avatar/avatar-7.jpg]
[codescandy.com/geeks-bootstrap-5/assets/images/course/course-laravel.jpg]
[codescandy.com/geeks-bootstrap-5/assets/images/course/course-gatsby.jpg]
[codescandy.com/geeks-bootstrap-5/assets/images/avatar/avatar-8.jpg]
[codescandy.com/geeks-bootstrap-5/assets/images/course/course-javascript.jpg]
[codescandy.com/geeks-bootstrap-5/assets/images/course/course-wordpress.jpg]
[codescandy.com/geeks-bootstrap-5/assets/images/avatar/avatar-5.jpg]
[codescandy.com/geeks-bootstrap-5/assets/libs/jquery/dist/jquery.min.js]
[codescandy.com/geeks-bootstrap-5/assets/libs/bootstrap/dist/js/bootstrap.bundle.min.js]
[codescandy.com/geeks-bootstrap-5/assets/libs/odometer/odometer.min.js]
[codescandy.com/geeks-bootstrap-5/assets/libs/magnific-popup/dist/jquery.magnific-popup.min.js]
[codescandy.com/geeks-bootstrap-5/assets/libs/bootstrap-select/dist/js/bootstrap-select.min.js]
[codescandy.com/geeks-bootstrap-5/assets/libs/flatpickr/dist/flatpickr.min.js]
[codescandy.com/geeks-bootstrap-5/assets/libs/inputmask/dist/jquery.inputmask.min.js]
[codescandy.com/geeks-bootstrap-5/assets/libs/quill/dist/quill.min.js]
[codescandy.com/geeks-bootstrap-5/assets/libs/apexcharts/dist/apexcharts.min.js]
[codescandy.com/geeks-bootstrap-5/assets/libs/file-upload-with-preview/dist/file-upload-with-preview.iife.js]
[codescandy.com/geeks-bootstrap-5/assets/libs/dragula/dist/dragula.min.js]
[codescandy.com/geeks-bootstrap-5/assets/libs/bs-stepper/dist/js/bs-stepper.min.js]
[codescandy.com/geeks-bootstrap-5/assets/libs/dropzone/dist/min/dropzone.min.js]
[codescandy.com/geeks-bootstrap-5/assets/libs/jQuery.print/jQuery.print.js]
[codescandy.com/geeks-bootstrap-5/assets/libs/prismjs/prism.js]
[codescandy.com/geeks-bootstrap-5/assets/libs/prismjs/components/prism-scss.min.js]
[codescandy.com/geeks-bootstrap-5/assets/libs/@yaireo/tagify/dist/tagify.min.js]
[codescandy.com/geeks-bootstrap-5/assets/libs/tiny-slider/dist/min/tiny-slider.js]
[codescandy.com/geeks-bootstrap-5/assets/libs/@popperjs/core/dist/umd/popper.min.js]
[codescandy.com/geeks-bootstrap-5/assets/libs/tippy.js/dist/tippy-bundle.umd.min.js]
[codescandy.com/geeks-bootstrap-5/assets/libs/typed.js/lib/typed.min.js]
[codescandy.com/geeks-bootstrap-5/assets/libs/jsvectormap/dist/js/jsvectormap.min.js]
[codescandy.com/geeks-bootstrap-5/assets/libs/jsvectormap/dist/maps/world.js]
[codescandy.com/geeks-bootstrap-5/assets/libs/datatables.net/js/jquery.dataTables.min.js]
[codescandy.com/geeks-bootstrap-5/assets/libs/datatables.net-bs5/js/dataTables.bootstrap5.min.js]
[codescandy.com/geeks-bootstrap-5/assets/libs/datatables.net-responsive/js/dataTables.responsive.min.js]
[codescandy.com/geeks-bootstrap-5/assets/libs/datatables.net-responsive-bs5/js/responsive.bootstrap5.min.js]
[codescandy.com/geeks-bootstrap-5/assets/libs/prismjs/plugins/toolbar/prism-toolbar.min.js]
[codescandy.com/geeks-bootstrap-5/assets/libs/prismjs/plugins/copy-to-clipboard/prism-copy-to-clipboard.min.js]
[codescandy.com/geeks-bootstrap-5/assets/libs/fullcalendar/main.min.js]
[codescandy.com/geeks-bootstrap-5/assets/libs/simplebar/dist/simplebar.min.js]
[codescandy.com/geeks-bootstrap-5/assets/libs/@lottiefiles/lottie-player/dist/lottie-player.js]
[codescandy.com/geeks-bootstrap-5/assets/libs/nouislider/dist/nouislider.min.js]
[codescandy.com/geeks-bootstrap-5/assets/libs/wnumb/wNumb.min.js]
[codescandy.com/geeks-bootstrap-5/assets/libs/glightbox/dist/js/glightbox.min.js]
[cdn.jsdelivr.net/npm/moment@2.29.1/min/moment.min.js]
[codescandy.com/geeks-bootstrap-5/pages/dashboard/admin-dashboard.html]
[codescandy.com/geeks-bootstrap-5/assets/js/theme.min.js]
[codescandy.com/geeks-bootstrap-5/assets/fonts/feather/fonts/feather144f.ttf]
[codescandy.com/geeks-bootstrap-5/assets/fonts/feather/fonts/feather144f.woff]
[codescandy.com/geeks-bootstrap-5/assets/fonts/feather/feather.css]
[codescandy.com/geeks-bootstrap-5/assets/fonts/feather/fonts/feather144f.svg]
[codescandy.com/geeks-bootstrap-5/assets/libs/bootstrap-icons/font/fonts/bootstrap-iconse8a7.woff2]
[codescandy.com/geeks-bootstrap-5/assets/libs/bootstrap-icons/font/fonts/bootstrap-iconse8a7.woff]
[codescandy.com/geeks-bootstrap-5/assets/libs/bootstrap-icons/font/bootstrap-icons.css]
[codescandy.com/geeks-bootstrap-5/assets/libs/dragula/dist/dragula.min.css]
[codescandy.com/geeks-bootstrap-5/assets/libs/@mdi/font/css/materialdesignicons.min.css]
[codescandy.com/geeks-bootstrap-5/assets/libs/dropzone/dist/dropzone.css]
[codescandy.com/geeks-bootstrap-5/assets/libs/magnific-popup/dist/magnific-popup.css]
[codescandy.com/geeks-bootstrap-5/assets/libs/bootstrap-select/dist/css/bootstrap-select.min.css]
[codescandy.com/geeks-bootstrap-5/assets/libs/@yaireo/tagify/dist/tagify.css]
[codescandy.com/geeks-bootstrap-5/assets/libs/tiny-slider/dist/tiny-slider.css]
[codescandy.com/geeks-bootstrap-5/assets/libs/tippy.js/dist/tippy.css]
[codescandy.com/geeks-bootstrap-5/assets/libs/datatables.net-bs5/css/dataTables.bootstrap5.min.css]
[codescandy.com/geeks-bootstrap-5/assets/libs/prismjs/themes/prism-okaidia.min.css]
[codescandy.com/geeks-bootstrap-5/assets/libs/simplebar/dist/simplebar.min.css]
[codescandy.com/geeks-bootstrap-5/assets/libs/nouislider/dist/nouislider.min.css]
[codescandy.com/geeks-bootstrap-5/assets/libs/glightbox/dist/css/glightbox.min.css]
[codescandy.com/geeks-bootstrap-5/assets/css/theme.min.css]
[codescandy.com/geeks-bootstrap-5/assets/images/avatar/avatar-9.jpg]
[codescandy.com/geeks-bootstrap-5/assets/images/avatar/avatar-19.jpg]
[codescandy.com/geeks-bootstrap-5/assets/images/avatar/avatar-12.jpg]
[codescandy.com/geeks-bootstrap-5/assets/images/avatar/avatar-14.jpg]
[codescandy.com/geeks-bootstrap-5/assets/images/avatar/avatar-15.jpg]
[codescandy.com/geeks-bootstrap-5/pages/dashboard/dashboard-analytics.html]
[codescandy.com/geeks-bootstrap-5/assets/images/course/course-graphql.jpg]
[codescandy.com/geeks-bootstrap-5/assets/images/course/course-html.jpg]
[codescandy.com/geeks-bootstrap-5/assets/images/avatar/avatar-10.jpg]
[codescandy.com/geeks-bootstrap-5/assets/images/course/course-node.jpg]
[codescandy.com/geeks-bootstrap-5/assets/images/course/course-react.jpg]
[codescandy.com/geeks-bootstrap-5/assets/images/course/course-angular.jpg]
[codescandy.com/geeks-bootstrap-5/pages/dashboard/admin-course-overview.html]
[codescandy.com/geeks-bootstrap-5/pages/dashboard/admin-course-category.html]
[codescandy.com/geeks-bootstrap-5/pages/dashboard/admin-course-category-single.html]
[codescandy.com/geeks-bootstrap-5/assets/images/avatar/avatar-11.jpg]
[codescandy.com/geeks-bootstrap-5/assets/images/avatar/avatar-13.jpg]
[codescandy.com/geeks-bootstrap-5/assets/images/avatar/avatar-16.jpg]
[codescandy.com/geeks-bootstrap-5/assets/images/avatar/avatar-17.jpg]
[codescandy.com/geeks-bootstrap-5/assets/images/avatar/avatar-18.jpg]
[codescandy.com/geeks-bootstrap-5/pages/dashboard/admin-instructor.html]
[codescandy.com/geeks-bootstrap-5/pages/dashboard/admin-students.html]
[codescandy.com/geeks-bootstrap-5/pages/dashboard/admin-cms-overview.html]
[codescandy.com/geeks-bootstrap-5/pages/dashboard/admin-cms-post.html]
[codescandy.com/geeks-bootstrap-5/pages/dashboard/admin-cms-post-new.html]
[codescandy.com/geeks-bootstrap-5/pages/dashboard/admin-cms-post-category.html]
[codescandy.com/geeks-bootstrap-5/assets/images/background/project-cover-img.jpg]
[codescandy.com/geeks-bootstrap-5/pages/dashboard/project-grid.html]
[codescandy.com/geeks-bootstrap-5/pages/dashboard/project-list.html]
[codescandy.com/geeks-bootstrap-5/pages/dashboard/project-overview.html]
[codescandy.com/geeks-bootstrap-5/pages/dashboard/project-task.html]
[codescandy.com/geeks-bootstrap-5/pages/dashboard/project-budget.html]
[codescandy.com/geeks-bootstrap-5/pages/dashboard/project-team.html]
[codescandy.com/geeks-bootstrap-5/pages/dashboard/project-files.html]
[codescandy.com/geeks-bootstrap-5/pages/dashboard/project-summary.html]
[codescandy.com/geeks-bootstrap-5/pages/dashboard/add-project.html]
[codescandy.com/geeks-bootstrap-5/pages/dashboard/notification-history.html]
[codescandy.com/geeks-bootstrap-5/pages/dashboard/ecommerce/admin-dashboard.html]
[codescandy.com/geeks-bootstrap-5/assets/images/ecommerce/product-shoe-01.jpg]
[codescandy.com/geeks-bootstrap-5/assets/images/ecommerce/product-shoe-02.jpg]
[codescandy.com/geeks-bootstrap-5/assets/images/ecommerce/product-shoe-03.jpg]
[codescandy.com/geeks-bootstrap-5/assets/images/ecommerce/product-shoe-04.jpg]
[codescandy.com/geeks-bootstrap-5/assets/images/ecommerce/product-shoe-05.jpg]
[codescandy.com/geeks-bootstrap-5/assets/images/ecommerce/product-shoe-06.jpg]
[codescandy.com/geeks-bootstrap-5/assets/images/ecommerce/product-shoe-07.jpg]
[codescandy.com/geeks-bootstrap-5/assets/images/ecommerce/product-shoe-08.jpg]
[codescandy.com/geeks-bootstrap-5/pages/dashboard/ecommerce/product-grid.html]
[codescandy.com/geeks-bootstrap-5/pages/dashboard/ecommerce/product-grid-with-sidebar.html]
[codescandy.com/geeks-bootstrap-5/assets/images/ecommerce/ecommerce-img-1.jpg]
[codescandy.com/geeks-bootstrap-5/assets/images/ecommerce/ecommerce-img-2.jpg]
[codescandy.com/geeks-bootstrap-5/assets/images/ecommerce/ecommerce-img-3.jpg]
[codescandy.com/geeks-bootstrap-5/assets/images/ecommerce/ecommerce-img-4.jpg]
[codescandy.com/geeks-bootstrap-5/assets/images/ecommerce/ecommerce-img-5.jpg]
[codescandy.com/geeks-bootstrap-5/assets/images/ecommerce/ecommerce-img-6.jpg]
[codescandy.com/geeks-bootstrap-5/assets/images/ecommerce/ecommerce-img-7.jpg]
[codescandy.com/geeks-bootstrap-5/assets/images/ecommerce/ecommerce-img-8.jpg]
[codescandy.com/geeks-bootstrap-5/assets/images/ecommerce/ecommerce-img-9.jpg]
[codescandy.com/geeks-bootstrap-5/pages/dashboard/ecommerce/products.html]
[codescandy.com/geeks-bootstrap-5/assets/images/ecommerce/product-slide-1.jpg]
[codescandy.com/geeks-bootstrap-5/assets/images/ecommerce/product-slide-2.jpg]
[codescandy.com/geeks-bootstrap-5/assets/images/ecommerce/product-slide-3.jpg]
[codescandy.com/geeks-bootstrap-5/assets/images/ecommerce/product-slide-4.jpg]
[codescandy.com/geeks-bootstrap-5/assets/images/ecommerce/product-slide-5.jpg]
[codescandy.com/geeks-bootstrap-5/pages/dashboard/ecommerce/product-single.html]
[codescandy.com/geeks-bootstrap-5/pages/dashboard/ecommerce/product-single-v2.html]
[codescandy.com/geeks-bootstrap-5/pages/dashboard/ecommerce/add-product.html]
[codescandy.com/geeks-bootstrap-5/pages/dashboard/ecommerce/shopping-cart.html]
[codescandy.com/geeks-bootstrap-5/pages/dashboard/ecommerce/checkout.html]
[codescandy.com/geeks-bootstrap-5/pages/dashboard/ecommerce/order.html]
[codescandy.com/geeks-bootstrap-5/pages/dashboard/ecommerce/order-single.html]
[codescandy.com/geeks-bootstrap-5/pages/dashboard/ecommerce/order-history.html]
[codescandy.com/geeks-bootstrap-5/pages/dashboard/ecommerce/order-summary.html]
[codescandy.com/geeks-bootstrap-5/pages/dashboard/ecommerce/customers.html]
[codescandy.com/geeks-bootstrap-5/pages/dashboard/ecommerce/customer-single.html]
[codescandy.com/geeks-bootstrap-5/pages/dashboard/ecommerce/add-customer.html]
[codescandy.com/geeks-bootstrap-5/pages/dashboard/layouts/layout-horizontal.html]
[codescandy.com/geeks-bootstrap-5/pages/dashboard/layouts/layout-compact.html]
[codescandy.com/geeks-bootstrap-5/pages/dashboard/layouts/layout-vertical.html]
[codescandy.com/geeks-bootstrap-5/assets/images/png/dot-move.png]
[codescandy.com/geeks-bootstrap-5/assets/images/avatar/avatar-21.jpg]
[codescandy.com/geeks-bootstrap-5/pages/dashboard/chat-app.html]
[codescandy.com/geeks-bootstrap-5/assets/images/blog/blogpost-1.jpg]
[codescandy.com/geeks-bootstrap-5/pages/dashboard/task-kanban.html]
[codescandy.com/geeks-bootstrap-5/pages/dashboard/mail-draft.html]
[codescandy.com/geeks-bootstrap-5/pages/dashboard/mail.html]
[codescandy.com/geeks-bootstrap-5/pages/dashboard/calendar.html]
[codescandy.com/geeks-bootstrap-5/pages/dashboard/basic-table.html]
[codescandy.com/geeks-bootstrap-5/pages/dashboard/datatables.html]
[codescandy.com/geeks-bootstrap-5/pages/dashboard/setting-general.html]
[codescandy.com/geeks-bootstrap-5/pages/dashboard/setting-google.html]
[codescandy.com/geeks-bootstrap-5/pages/dashboard/setting-social.html]
[codescandy.com/geeks-bootstrap-5/pages/dashboard/setting-social-login.html]
[codescandy.com/geeks-bootstrap-5/pages/dashboard/setting-payment.html]
[codescandy.com/geeks-bootstrap-5/pages/dashboard/setting-smpt.html]
[codescandy.com/geeks-bootstrap-5/assets/fonts/feather/fonts/feather144f.svg]
[codescandy.com/geeks-bootstrap-5/pages/dashboard/ecommerce/admin-dashboard.html]
[codescandy.com/geeks-bootstrap-5/pages/dashboard/mail-draft.html]
[codescandy.com/geeks-bootstrap-5/pages/dashboard/mail-details.html]
[codescandy.com/geeks-bootstrap-5/assets/images/background/profile-bg.jpg]
[codescandy.com/geeks-bootstrap-5/pages/dashboard/mail-details.html]
